---
source: crates/tests/src/features.rs
expression: "format!(\"{}\", harness.gas_reporter)"
---
bar([Bool(false)]) used 181 gas

