---
source: crates/tests/src/features.rs
assertion_line: 538
expression: "format!(\"{}\", harness.gas_reporter)"
---
write_bar([Uint(4), Uint(42)]) used 22486 gas
write_bar([Uint(26), Uint(12)]) used 22486 gas
read_bar([Uint(4)]) used 470 gas
read_bar([Uint(26)]) used 470 gas

