---
source: crates/tests/src/features.rs
expression: "format!(\"{}\", harness.gas_reporter)"
---
write_bar([Uint(4), Uint(42)]) used 22485 gas
write_bar([Uint(26), Uint(12)]) used 22485 gas
read_bar([Uint(4)]) used 449 gas
read_bar([Uint(26)]) used 449 gas

