---
source: crates/analyzer/tests/analysis.rs
expression: "build_snapshot(\"features/create_contract_from_init.fe\", &src, &context)"

---
ModuleAttributes {
    type_defs: {
        "Foo": Contract(
            Contract {
                name: "Foo",
                functions: [
                    FunctionAttributes {
                        is_public: true,
                        name: "get_my_num",
                        params: [],
                        return_type: Base(
                            Numeric(
                                U256,
                            ),
                        ),
                    },
                ],
            },
        ),
        "FooFactory": Contract(
            Contract {
                name: "FooFactory",
                functions: [
                    FunctionAttributes {
                        is_public: true,
                        name: "get_foo_addr",
                        params: [],
                        return_type: Base(
                            Address,
                        ),
                    },
                ],
            },
        ),
    },
}

note: 
  ┌─ features/create_contract_from_init.fe:3:16
  │
3 │         return 42
  │                ^^ attributes hash: 1230752710897721197
  │
  = ExpressionAttributes {
        typ: Base(
            Numeric(
                U256,
            ),
        ),
        location: Value,
        move_location: None,
    }

note: 
  ┌─ features/create_contract_from_init.fe:9:9
  │
9 │         self.foo_addr = address(Foo.create(0))
  │         ^^^^^^^^^^^^^ attributes hash: 2913398255676486286
  │
  = ExpressionAttributes {
        typ: Base(
            Address,
        ),
        location: Storage {
            nonce: Some(
                0,
            ),
        },
        move_location: None,
    }

note: 
  ┌─ features/create_contract_from_init.fe:9:44
  │
9 │         self.foo_addr = address(Foo.create(0))
  │                                            ^ attributes hash: 1230752710897721197
  │
  = ExpressionAttributes {
        typ: Base(
            Numeric(
                U256,
            ),
        ),
        location: Value,
        move_location: None,
    }

note: 
  ┌─ features/create_contract_from_init.fe:9:33
  │
9 │         self.foo_addr = address(Foo.create(0))
  │                                 ^^^^^^^^^^^^^ attributes hash: 15904475842515523811
  │
  = ExpressionAttributes {
        typ: Contract(
            Contract {
                name: "Foo",
                functions: [
                    FunctionAttributes {
                        is_public: true,
                        name: "get_my_num",
                        params: [],
                        return_type: Base(
                            Numeric(
                                U256,
                            ),
                        ),
                    },
                ],
            },
        ),
        location: Value,
        move_location: None,
    }

note: 
  ┌─ features/create_contract_from_init.fe:9:25
  │
9 │         self.foo_addr = address(Foo.create(0))
  │                         ^^^^^^^^^^^^^^^^^^^^^^ attributes hash: 16804606599831072828
  │
  = ExpressionAttributes {
        typ: Base(
            Address,
        ),
        location: Value,
        move_location: None,
    }

note: 
   ┌─ features/create_contract_from_init.fe:12:16
   │
12 │         return self.foo_addr
   │                ^^^^^^^^^^^^^ attributes hash: 9912359180589056231
   │
   = ExpressionAttributes {
         typ: Base(
             Address,
         ),
         location: Storage {
             nonce: Some(
                 0,
             ),
         },
         move_location: Some(
             Value,
         ),
     }

note: 
  ┌─ features/create_contract_from_init.fe:2:5
  │  
2 │ ╭     pub fn get_my_num() -> u256:
3 │ │         return 42
  │ ╰─────────────────^ attributes hash: 14067495107198162751
  │  
  = FunctionAttributes {
        is_public: true,
        name: "get_my_num",
        params: [],
        return_type: Base(
            Numeric(
                U256,
            ),
        ),
    }

note: 
  ┌─ features/create_contract_from_init.fe:8:5
  │  
8 │ ╭     pub fn __init__():
9 │ │         self.foo_addr = address(Foo.create(0))
  │ ╰──────────────────────────────────────────────^ attributes hash: 5584559917281080592
  │  
  = FunctionAttributes {
        is_public: true,
        name: "__init__",
        params: [],
        return_type: Base(
            Unit,
        ),
    }

note: 
   ┌─ features/create_contract_from_init.fe:11:5
   │  
11 │ ╭     pub fn get_foo_addr() -> address:
12 │ │         return self.foo_addr
   │ ╰────────────────────────────^ attributes hash: 2649084956590342208
   │  
   = FunctionAttributes {
         is_public: true,
         name: "get_foo_addr",
         params: [],
         return_type: Base(
             Address,
         ),
     }

note: 
  ┌─ features/create_contract_from_init.fe:1:1
  │  
1 │ ╭ contract Foo:
2 │ │     pub fn get_my_num() -> u256:
3 │ │         return 42
  │ ╰─────────────────^ attributes hash: 17122180752006972630
  │  
  = ContractAttributes {
        public_functions: [
            FunctionAttributes {
                is_public: true,
                name: "get_my_num",
                params: [],
                return_type: Base(
                    Numeric(
                        U256,
                    ),
                ),
            },
        ],
        init_function: None,
        events: [],
        structs: [],
        external_contracts: [
            Contract {
                name: "FooFactory",
                functions: [
                    FunctionAttributes {
                        is_public: true,
                        name: "get_foo_addr",
                        params: [],
                        return_type: Base(
                            Address,
                        ),
                    },
                ],
            },
        ],
    }

note: 
   ┌─ features/create_contract_from_init.fe:5:1
   │  
 5 │ ╭ contract FooFactory:
 6 │ │     foo_addr: address
 7 │ │ 
 8 │ │     pub fn __init__():
   · │
11 │ │     pub fn get_foo_addr() -> address:
12 │ │         return self.foo_addr
   │ ╰────────────────────────────^ attributes hash: 15915795702900027706
   │  
   = ContractAttributes {
         public_functions: [
             FunctionAttributes {
                 is_public: true,
                 name: "get_foo_addr",
                 params: [],
                 return_type: Base(
                     Address,
                 ),
             },
         ],
         init_function: Some(
             FunctionAttributes {
                 is_public: true,
                 name: "__init__",
                 params: [],
                 return_type: Base(
                     Unit,
                 ),
             },
         ),
         events: [],
         structs: [],
         external_contracts: [
             Contract {
                 name: "Foo",
                 functions: [
                     FunctionAttributes {
                         is_public: true,
                         name: "get_my_num",
                         params: [],
                         return_type: Base(
                             Numeric(
                                 U256,
                             ),
                         ),
                     },
                 ],
             },
         ],
     }

note: 
  ┌─ features/create_contract_from_init.fe:9:25
  │
9 │         self.foo_addr = address(Foo.create(0))
  │                         ^^^^^^^ attributes hash: 14203407709342965641
  │
  = TypeConstructor {
        typ: Base(
            Address,
        ),
    }

note: 
  ┌─ features/create_contract_from_init.fe:9:33
  │
9 │         self.foo_addr = address(Foo.create(0))
  │                                 ^^^^^^^^^^ attributes hash: 5786702353596486570
  │
  = TypeAttribute {
        typ: Contract(
            Contract {
                name: "Foo",
                functions: [
                    FunctionAttributes {
                        is_public: true,
                        name: "get_my_num",
                        params: [],
                        return_type: Base(
                            Numeric(
                                U256,
                            ),
                        ),
                    },
                ],
            },
        ),
        func_name: "create",
    }

note: 
  ┌─ features/create_contract_from_init.fe:2:28
  │
2 │     pub fn get_my_num() -> u256:
  │                            ^^^^ attributes hash: 4293763436908729629
  │
  = Base(
        Numeric(
            U256,
        ),
    )

note: 
   ┌─ features/create_contract_from_init.fe:11:30
   │
11 │     pub fn get_foo_addr() -> address:
   │                              ^^^^^^^ attributes hash: 928477466454064117
   │
   = Base(
         Address,
     )

note: 
  ┌─ features/create_contract_from_init.fe:6:15
  │
6 │     foo_addr: address
  │               ^^^^^^^ attributes hash: 928477466454064117
  │
  = Base(
        Address,
    )


