---
source: crates/analyzer/tests/analysis.rs
expression: "build_snapshot(&db, module)"

---
note: 
  ┌─ return_lt_u128.fe:2:5
  │  
2 │ ╭     pub fn bar(x: u128, y: u128) -> bool:
3 │ │         return x < y
  │ ╰────────────────────^ attributes hash: 7861716536042542890
  │  
  = FunctionSignature {
        self_decl: None,
        ctx_decl: None,
        params: [
            FunctionParam {
                name: "x",
                typ: Ok(
                    Base(
                        Numeric(
                            U128,
                        ),
                    ),
                ),
            },
            FunctionParam {
                name: "y",
                typ: Ok(
                    Base(
                        Numeric(
                            U128,
                        ),
                    ),
                ),
            },
        ],
        return_type: Ok(
            Base(
                Bool,
            ),
        ),
    }

note: 
  ┌─ return_lt_u128.fe:3:16
  │
3 │         return x < y
  │                ^   ^ u128: Value
  │                │    
  │                u128: Value

note: 
  ┌─ return_lt_u128.fe:3:16
  │
3 │         return x < y
  │                ^^^^^ bool: Value


