---
source: crates/parser2/tests/syntax_node.rs
expression: snapshot
---
Root@0..31
  RecordInitExpr@0..13
    Path@0..6
      PathSegment@0..6
        Ident@0..6 "Struct"
    WhiteSpace@6..7 " "
    RecordFieldList@7..13
      LBrace@7..8 "{"
      RecordField@8..9
        Ident@8..9 "x"
      Comma@9..10 ","
      WhiteSpace@10..11 " "
      RecordField@11..12
        Ident@11..12 "y"
      RBrace@12..13 "}"
  Newline@13..14 "\n"
  RecordInitExpr@14..31
    Path@14..20
      PathSegment@14..20
        Ident@14..20 "Struct"
    WhiteSpace@20..21 " "
    RecordFieldList@21..31
      LBrace@21..22 "{"
      RecordField@22..30
        Ident@22..23 "x"
        Colon@23..24 ":"
        WhiteSpace@24..25 " "
        BinExpr@25..30
          LitExpr@25..26
            Int@25..26 "1"
          WhiteSpace@26..27 " "
          Plus@27..28 "+"
          WhiteSpace@28..29 " "
          LitExpr@29..30
            Int@29..30 "2"
      RBrace@30..31 "}"

